<html>
  <body>

<p>layout-inline-partial-top content</p>

    <p>Page Body</p>

<p>layout-inline-partial-bot content</p>

  </body>
</html>
