<html>
  <body>
    <p>No layout-inline-partial-top default content</p>
    <p>Page Body</p>

<p>layout-inline-partial-bot content</p>

  </body>
</html>
