<html>
  <body>
    <p>Page Body</p>
    <p>No layout-inline-partial default content</p>
  </body>
</html>
